Blazium Engine v0.5.0.dev (4.3.2.stable.custom_build).f3d861441 (2026-03-25 04:21:06 UTC) - https://blazium.app

---  GUT  ---
[1m[INFO]:  [0musing [C:/Users/Bioblaze/AppData/Roaming/Blazium/app_userdata/KickAPI Module Tests] for temporary output.
Godot version:  4.3.2
GUT version:  9.4.0
[4m

res://tests/test_001_initialization_and_auth.gd
[0m* test_001_initialization
* test_002_configuration
[1m2/2 passed.
[0m[4m

res://tests/test_002_users_api.gd
[0m* test_003_fetch_users_api
[1m1/1 passed.
[0m[4m

res://tests/test_003_channels_api.gd
[0m* test_004_fetch_channels_api
